<html>
<body>
<pre>
<h1>µVision Build Log</h1>
<h2>Tool Versions:</h2>
IDE-Version: µVision V5.17.0.0
Copyright (C) 2015 ARM Ltd and ARM Germany GmbH. All rights reserved.
License Information: Duy Lee, aa, LIC=CZLZX-HMMUU-EVL1R-K5VMV-GM937-QV9R8
 
Tool Versions:
Toolchain:       MDK-ARM Standard  Version: 5.17
Toolchain Path:  D:\Keil_v5\ARM\ARMCC\Bin
C Compiler:      Armcc.exe V5.06 update 1 (build 61)
Assembler:       Armasm.exe V5.06 update 1 (build 61)
Linker/Locator:  ArmLink.exe V5.06 update 1 (build 61)
Library Manager: ArmAr.exe V5.06 update 1 (build 61)
Hex Converter:   FromElf.exe V5.06 update 1 (build 61)
CPU DLL:         SARMCM3.DLL V5.17
Dialog DLL:      DCM.DLL V1.13.4.0
Target DLL:      STLink\ST-LINKIII-KEIL_SWO.dll V2.0.18.0
Dialog DLL:      TCM.DLL V1.14.6.0
 
<h2>Project:</h2>
D:\LapTrinhNhung\LCD_STM32\STM32_LCD\LCD_STM32\MDK-ARM\LCD_STM32.uvprojx
Project File Date:  12/19/2021

<h2>Output:</h2>
*** Using Compiler 'V5.06 update 1 (build 61)', folder: 'D:\Keil_v5\ARM\ARMCC\Bin'
Build target 'LCD_STM32'
assembling startup_stm32f401xe.s...
compiling stm32f4xx_hal_tim.c...
compiling main.c...
../Core/Src/main.c(42): warning:  #188-D: enumerated type mixed with another type
  	HAL_GPIO_WritePin(
PIOD, 
PIO_PIN_0,b0);
../Core/Src/main.c(43): warning:  #188-D: enumerated type mixed with another type
  	HAL_GPIO_WritePin(
PIOD, 
PIO_PIN_1,b1);
../Core/Src/main.c(44): warning:  #188-D: enumerated type mixed with another type
  	HAL_GPIO_WritePin(
PIOD, 
PIO_PIN_2,b2);
../Core/Src/main.c(45): warning:  #188-D: enumerated type mixed with another type
  	HAL_GPIO_WritePin(
PIOD, 
PIO_PIN_3,b3);
../Core/Src/main.c(46): warning:  #188-D: enumerated type mixed with another type
  	HAL_GPIO_WritePin(
PIOD, 
PIO_PIN_4,b4);
../Core/Src/main.c(47): warning:  #188-D: enumerated type mixed with another type
  	HAL_GPIO_WritePin(
PIOD, 
PIO_PIN_5,b5);
../Core/Src/main.c(48): warning:  #188-D: enumerated type mixed with another type
  	HAL_GPIO_WritePin(
PIOD, 
PIO_PIN_6,b6);
../Core/Src/main.c(49): warning:  #188-D: enumerated type mixed with another type
  	HAL_GPIO_WritePin(
PIOD, 
PIO_PIN_7,b7);
../Core/Src/main.c: 8 warnings, 0 errors
compiling stm32f4xx_hal_msp.c...
compiling stm32f4xx_it.c...
compiling stm32f4xx_hal_tim_ex.c...
compiling stm32f4xx_hal_rcc_ex.c...
compiling stm32f4xx_hal_rcc.c...
compiling stm32f4xx_hal_gpio.c...
compiling stm32f4xx_hal_flash_ex.c...
compiling stm32f4xx_hal_dma.c...
compiling stm32f4xx_hal_flash_ramfunc.c...
compiling stm32f4xx_hal_flash.c...
compiling stm32f4xx_hal_pwr.c...
compiling stm32f4xx_hal_dma_ex.c...
compiling system_stm32f4xx.c...
compiling stm32f4xx_hal_pwr_ex.c...
compiling stm32f4xx_hal.c...
compiling stm32f4xx_hal_exti.c...
compiling stm32f4xx_hal_cortex.c...
linking...
Program Size: Code=3532 RO-data=452 RW-data=16 ZI-data=1632  
FromELF: creating hex file...
"LCD_STM32\LCD_STM32.axf" - 0 Error(s), 8 Warning(s).

<h2>Software Packages used:</h2>

Package Vendor: ARM
                http://www.keil.com/pack/ARM.CMSIS.4.5.0.pack
                ARM::CMSIS:CORE:4.3.0
                CMSIS (Cortex Microcontroller Software Interface Standard)
   * Component: CORE Version: 4.3.0

<h2>Collection of Component include folders:</h2>
  D:\LapTrinhNhung\LCD_STM32\STM32_LCD\LCD_STM32\MDK-ARM\RTE
  D:\Keil_v5\ARM\PACK\ARM\CMSIS\4.5.0\CMSIS\Include
  D:\Keil_v5\ARM\PACK\Keil\STM32F4xx_DFP\2.14.0\Drivers\CMSIS\Device\ST\STM32F4xx\Include

<h2>Collection of Component Files used:</h2>

   * Component: ARM::CMSIS:CORE:4.3.0
Build Time Elapsed:  00:00:17
</pre>
</body>
</html>
